GAS LISTING C:\Users\mauro\AppData\Local\Temp\/ccxcaxlP.s 			page 1


   1               		.file	"menu.c"
   2               		.arch atmega2561
   3               	__SREG__ = 0x3f
   4               	__SP_H__ = 0x3e
   5               	__SP_L__ = 0x3d
   6               	__tmp_reg__ = 0
   7               	__zero_reg__ = 1
   8               		.global __do_copy_data
   9               		.global __do_clear_bss
  10               		.data
  11               	.LC0:
  12 0000 6F6E 00   		.string	"on"
  13               	.LC1:
  14 0003 6F66 6600 		.string	"off"
  15               		.text
  16               	.global	drawMenu
  17               		.type	drawMenu, @function
  18               	drawMenu:
  19               	/* prologue: frame size=0 */
  20               	/* prologue end (size=0) */
  21 0000 8091 0000 		lds r24,stateMenu
  22 0004 9091 0000 		lds r25,(stateMenu)+1
  23 0008 20E0      		ldi r18,hi8(gs(onMenu))
  24 000a 8030      		cpi r24,lo8(gs(onMenu))
  25 000c 9207      		cpc r25,r18
  26 000e 01F4      		brne .L2
  27 0010 80E0      		ldi r24,lo8(.LC0)
  28 0012 90E0      		ldi r25,hi8(.LC0)
  29 0014 0E94 0000 		call printString
  30 0018 0895      		ret
  31               	.L2:
  32 001a 8050      		subi r24,lo8(gs(offMenu))
  33 001c 9040      		sbci r25,hi8(gs(offMenu))
  34 001e 01F4      		brne .L6
  35 0020 80E0      		ldi r24,lo8(.LC1)
  36 0022 90E0      		ldi r25,hi8(.LC1)
  37 0024 0E94 0000 		call printString
  38               	.L6:
  39 0028 0895      		ret
  40               	/* epilogue: frame size=0 */
  41               	/* epilogue: noreturn */
  42               	/* epilogue end (size=0) */
  43               	/* function drawMenu size 22 (22) */
  44               		.size	drawMenu, .-drawMenu
  45               	.global	offMenu
  46               		.type	offMenu, @function
  47               	offMenu:
  48               	/* prologue: frame size=0 */
  49               	/* prologue end (size=0) */
  50 002a 8930      		cpi r24,9
  51 002c 9105      		cpc r25,__zero_reg__
  52 002e 01F0      		breq .L9
  53 0030 8930      		cpi r24,9
  54 0032 9105      		cpc r25,__zero_reg__
  55 0034 04F0      		brlt .L8
  56 0036 8A30      		cpi r24,10
  57 0038 9105      		cpc r25,__zero_reg__
GAS LISTING C:\Users\mauro\AppData\Local\Temp\/ccxcaxlP.s 			page 2


  58 003a 01F0      		breq .L11
  59 003c 0C97      		sbiw r24,12
  60 003e 01F4      		brne .L8
  61 0040 00C0      		rjmp .L11
  62               	.L9:
  63 0042 0E94 0000 		call stopStream
  64 0046 00C0      		rjmp .L8
  65               	.L11:
  66 0048 80E0      		ldi r24,lo8(gs(onMenu))
  67 004a 90E0      		ldi r25,hi8(gs(onMenu))
  68 004c 9093 0000 		sts (stateMenu)+1,r25
  69 0050 8093 0000 		sts stateMenu,r24
  70               	.L8:
  71 0054 0E94 0000 		call clearScreen
  72 0058 0E94 0000 		call drawMenu
  73               	/* epilogue: frame size=0 */
  74 005c 0895      		ret
  75               	/* epilogue end (size=1) */
  76               	/* function offMenu size 27 (26) */
  77               		.size	offMenu, .-offMenu
  78               		.data
  79               	.LC2:
  80 0007 4267 00   		.string	"Bg"
  81               		.text
  82               	.global	onMenu
  83               		.type	onMenu, @function
  84               	onMenu:
  85               	/* prologue: frame size=0 */
  86               	/* prologue end (size=0) */
  87 005e 8930      		cpi r24,9
  88 0060 9105      		cpc r25,__zero_reg__
  89 0062 01F0      		breq .L15
  90 0064 8930      		cpi r24,9
  91 0066 9105      		cpc r25,__zero_reg__
  92 0068 04F0      		brlt .L14
  93 006a 8A30      		cpi r24,10
  94 006c 9105      		cpc r25,__zero_reg__
  95 006e 01F0      		breq .L17
  96 0070 0C97      		sbiw r24,12
  97 0072 01F4      		brne .L14
  98 0074 00C0      		rjmp .L17
  99               	.L15:
 100 0076 20E0      		ldi r18,lo8(512)
 101 0078 32E0      		ldi r19,hi8(512)
 102 007a 40E0      		ldi r20,lo8(0)
 103 007c 50E0      		ldi r21,hi8(0)
 104 007e 60E0      		ldi r22,lo8(gs(stream))
 105 0080 70E0      		ldi r23,hi8(gs(stream))
 106 0082 80E0      		ldi r24,lo8(.LC2)
 107 0084 90E0      		ldi r25,hi8(.LC2)
 108 0086 0E94 0000 		call NutThreadCreate
 109 008a 00C0      		rjmp .L14
 110               	.L17:
 111 008c 80E0      		ldi r24,lo8(gs(offMenu))
 112 008e 90E0      		ldi r25,hi8(gs(offMenu))
 113 0090 9093 0000 		sts (stateMenu)+1,r25
 114 0094 8093 0000 		sts stateMenu,r24
GAS LISTING C:\Users\mauro\AppData\Local\Temp\/ccxcaxlP.s 			page 3


 115               	.L14:
 116 0098 0E94 0000 		call clearScreen
 117 009c 0E94 0000 		call drawMenu
 118               	/* epilogue: frame size=0 */
 119 00a0 0895      		ret
 120               	/* epilogue end (size=1) */
 121               	/* function onMenu size 35 (34) */
 122               		.size	onMenu, .-onMenu
 123               	.global	initMenu
 124               		.type	initMenu, @function
 125               	initMenu:
 126               	/* prologue: frame size=0 */
 127               	/* prologue end (size=0) */
 128 00a2 80E0      		ldi r24,lo8(gs(onMenu))
 129 00a4 90E0      		ldi r25,hi8(gs(onMenu))
 130 00a6 9093 0000 		sts (stateMenu)+1,r25
 131 00aa 8093 0000 		sts stateMenu,r24
 132 00ae 0E94 0000 		call clearScreen
 133 00b2 0E94 0000 		call drawMenu
 134               	/* epilogue: frame size=0 */
 135 00b6 0895      		ret
 136               	/* epilogue end (size=1) */
 137               	/* function initMenu size 11 (10) */
 138               		.size	initMenu, .-initMenu
 139               	.global	stream
 140               		.type	stream, @function
 141               	stream:
 142               	/* prologue: frame size=0 */
 143               	/* prologue end (size=0) */
 144 00b8 0E94 0000 		call startStream
 145               	.L22:
 146 00bc 64E6      		ldi r22,lo8(100)
 147 00be 70E0      		ldi r23,hi8(100)
 148 00c0 80E0      		ldi r24,hlo8(100)
 149 00c2 90E0      		ldi r25,hhi8(100)
 150 00c4 0E94 0000 		call NutSleep
 151 00c8 00C0      		rjmp .L22
 152               	/* epilogue: frame size=0 */
 153               	/* epilogue: noreturn */
 154               	/* epilogue end (size=0) */
 155               	/* function stream size 9 (9) */
 156               		.size	stream, .-stream
 157               		.comm stateMenu,2,1
 158               		.comm stopAlarm,2,1
 159               	/* File "source/menu.c": code  104 = 0x0068 ( 101), prologues   0, epilogues   3 */
GAS LISTING C:\Users\mauro\AppData\Local\Temp\/ccxcaxlP.s 			page 4


DEFINED SYMBOLS
                            *ABS*:00000000 menu.c
C:\Users\mauro\AppData\Local\Temp\/ccxcaxlP.s:3      *ABS*:0000003f __SREG__
C:\Users\mauro\AppData\Local\Temp\/ccxcaxlP.s:4      *ABS*:0000003e __SP_H__
C:\Users\mauro\AppData\Local\Temp\/ccxcaxlP.s:5      *ABS*:0000003d __SP_L__
C:\Users\mauro\AppData\Local\Temp\/ccxcaxlP.s:6      *ABS*:00000000 __tmp_reg__
C:\Users\mauro\AppData\Local\Temp\/ccxcaxlP.s:7      *ABS*:00000001 __zero_reg__
C:\Users\mauro\AppData\Local\Temp\/ccxcaxlP.s:18     .text:00000000 drawMenu
                            *COM*:00000002 stateMenu
C:\Users\mauro\AppData\Local\Temp\/ccxcaxlP.s:84     .text:0000005e onMenu
C:\Users\mauro\AppData\Local\Temp\/ccxcaxlP.s:47     .text:0000002a offMenu
C:\Users\mauro\AppData\Local\Temp\/ccxcaxlP.s:141    .text:000000b8 stream
C:\Users\mauro\AppData\Local\Temp\/ccxcaxlP.s:125    .text:000000a2 initMenu
                            *COM*:00000002 stopAlarm

UNDEFINED SYMBOLS
__do_copy_data
__do_clear_bss
printString
stopStream
clearScreen
NutThreadCreate
startStream
NutSleep
