GAS LISTING C:\Users\Arthur\AppData\Local\Temp\/ccqM9uCd.s 			page 1


   1               		.file	"remcon.c"
   2               		.arch atmega2561
   3               	__SREG__ = 0x3f
   4               	__SP_H__ = 0x3e
   5               	__SP_L__ = 0x3d
   6               	__tmp_reg__ = 0
   7               	__zero_reg__ = 1
   8               		.global __do_copy_data
   9               		.global __do_clear_bss
  10               		.text
  11               	.global	RcInit
  12               		.type	RcInit, @function
  13               	RcInit:
  14               	/* prologue: frame size=0 */
  15               	/* prologue end (size=0) */
  16 0000 8091 6A00 		lds r24,106
  17 0004 8C7F      		andi r24,lo8(-4)
  18 0006 8093 6A00 		sts 106,r24
  19 000a 40E0      		ldi r20,lo8(0)
  20 000c 50E0      		ldi r21,hi8(0)
  21 000e 60E0      		ldi r22,lo8(gs(RcInterrupt))
  22 0010 70E0      		ldi r23,hi8(gs(RcInterrupt))
  23 0012 80E0      		ldi r24,lo8(sig_INTERRUPT4)
  24 0014 90E0      		ldi r25,hi8(sig_INTERRUPT4)
  25 0016 0E94 0000 		call NutRegisterIrqHandler
  26 001a 892B      		or r24,r25
  27 001c 01F4      		brne .L2
  28 001e 8091 6A00 		lds r24,106
  29 0022 8260      		ori r24,lo8(2)
  30 0024 8093 6A00 		sts 106,r24
  31 0028 EC9A      		sbi 61-0x20,4
  32               	.L2:
  33 002a 8091 8100 		lds r24,129
  34 002e 8360      		ori r24,lo8(3)
  35 0030 8093 8100 		sts 129,r24
  36 0034 AD9A      		sbi 53-0x20,5
  37               	/* #APP */
  38 0036 0FB6      		in  __tmp_reg__, __SREG__
  39 0038 F894      		cli
  40 003a 0F92      		push __tmp_reg__
  41               		
  42               	/* #NOAPP */
  43 003c 1092 0000 		sts (hRCEvent)+1,__zero_reg__
  44 0040 1092 0000 		sts hRCEvent,__zero_reg__
  45               	/* #APP */
  46 0044 0F90      		pop __tmp_reg__
  47 0046 0FBE      		out __SREG__, __tmp_reg__
  48               		
  49               	/* #NOAPP */
  50               	/* epilogue: frame size=0 */
  51 0048 0895      		ret
  52               	/* epilogue end (size=1) */
  53               	/* function RcInit size 46 (45) */
  54               		.size	RcInit, .-RcInit
  55               		.type	RcInterrupt, @function
  56               	RcInterrupt:
  57               	/* prologue: frame size=0 */
GAS LISTING C:\Users\Arthur\AppData\Local\Temp\/ccqM9uCd.s 			page 2


  58               	/* prologue end (size=0) */
  59 004a 84E0      		ldi r24,lo8(4)
  60 004c 0E94 0000 		call LedControl
  61 0050 0E94 0000 		call NutGetMillis
  62               	/* epilogue: frame size=0 */
  63 0054 0895      		ret
  64               	/* epilogue end (size=1) */
  65               	/* function RcInterrupt size 6 (5) */
  66               		.size	RcInterrupt, .-RcInterrupt
  67               	.global	TIMEOUT
  68               		.data
  69               		.type	TIMEOUT, @object
  70               		.size	TIMEOUT, 2
  71               	TIMEOUT:
  72 0000 0B00      		.word	11
  73               	.global	PREPULSE
  74               		.type	PREPULSE, @object
  75               		.size	PREPULSE, 2
  76               	PREPULSE:
  77 0002 0800      		.word	8
  78               	.global	necpoj
  79               	.global	necpoj
  80               		.section .bss
  81               		.type	necpoj, @object
  82               		.size	necpoj, 2
  83               	necpoj:
  84 0000 0000      		.skip 2,0
  85               		.lcomm hRCEvent,2
  86               	/* File "source/remcon.c": code   52 = 0x0034 (  50), prologues   0, epilogues   2 */
GAS LISTING C:\Users\Arthur\AppData\Local\Temp\/ccqM9uCd.s 			page 3


DEFINED SYMBOLS
                            *ABS*:00000000 remcon.c
C:\Users\Arthur\AppData\Local\Temp\/ccqM9uCd.s:3      *ABS*:0000003f __SREG__
C:\Users\Arthur\AppData\Local\Temp\/ccqM9uCd.s:4      *ABS*:0000003e __SP_H__
C:\Users\Arthur\AppData\Local\Temp\/ccqM9uCd.s:5      *ABS*:0000003d __SP_L__
C:\Users\Arthur\AppData\Local\Temp\/ccqM9uCd.s:6      *ABS*:00000000 __tmp_reg__
C:\Users\Arthur\AppData\Local\Temp\/ccqM9uCd.s:7      *ABS*:00000001 __zero_reg__
C:\Users\Arthur\AppData\Local\Temp\/ccqM9uCd.s:13     .text:00000000 RcInit
C:\Users\Arthur\AppData\Local\Temp\/ccqM9uCd.s:56     .text:0000004a RcInterrupt
                             .bss:00000002 hRCEvent
C:\Users\Arthur\AppData\Local\Temp\/ccqM9uCd.s:71     .data:00000000 TIMEOUT
C:\Users\Arthur\AppData\Local\Temp\/ccqM9uCd.s:76     .data:00000002 PREPULSE
C:\Users\Arthur\AppData\Local\Temp\/ccqM9uCd.s:83     .bss:00000000 necpoj

UNDEFINED SYMBOLS
__do_copy_data
__do_clear_bss
sig_INTERRUPT4
NutRegisterIrqHandler
LedControl
NutGetMillis
